// Jest Snapshot v1, https://goo.gl/fbAQLP

exports[`CardContainer should match the snapshot with all data passed in 1`] = `
<div
  className="bottom-page"
>
  <div
    className="card-container"
  >
    <Card
      codeWar={
        Object {
          "addedToStorage": false,
          "id": 1,
          "level": "8 kyu",
          "name": "Abbreviate a Two Word Name",
          "prompt": "Write a function to convert a name into initials. This kata strictly takes two words with one space in between them.",
          "replLink": "https://repl.it/@codesForDays/Abbreviate-a-Two-Word-Name?language=nodejs&folderId=",
          "type": "String",
        }
      }
      key="1"
      toggleComplete={[MockFunction]}
    />
    <Card
      codeWar={
        Object {
          "addedToStorage": false,
          "id": 2,
          "level": "8 kyu",
          "name": "Welcome to the City",
          "prompt": "Create a method sayHello/say_hello/SayHello that takes as input a name, city, and state to welcome a person. Note that name will be an array consisting of one or more values that should be joined together with one space between each, and the length of the name array in test cases will vary.",
          "replLink": "https://repl.it/@codesForDays/Welcome-to-the-City?language=nodejs&folderId=",
          "type": "String",
        }
      }
      key="2"
      toggleComplete={[MockFunction]}
    />
    <Card
      codeWar={
        Object {
          "addedToStorage": false,
          "id": 3,
          "level": "7 kyu",
          "name": "Remove Anchor from URL",
          "prompt": "Complete the function/method so that it returns the url with anything after the anchor (#) removed.",
          "replLink": "https://repl.it/@codesForDays/Remove-anchor-from-URL?language=nodejs&folderId=",
          "type": "String",
        }
      }
      key="3"
      toggleComplete={[MockFunction]}
    />
  </div>
</div>
`;
