// Jest Snapshot v1, https://goo.gl/fbAQLP

exports[`FilterControls should match the snapshot will all data passed in 1`] = `
<div>
  <div
    className="controls-container"
  >
    <button
      className="button"
      id="lvl-1-btn"
      onClick={[Function]}
      value="8 kyu"
    >
      Level 1
    </button>
    <button
      className="button"
      id="lvl-2-btn"
      onClick={[Function]}
      value="7 kyu"
    >
      Level 2
    </button>
    <button
      className="button"
      id="lvl-3-btn"
      onClick={[Function]}
      value="6 kyu"
    >
      Level 3
    </button>
    <button
      className="button"
      id="completed-btn"
      onClick={[Function]}
      value="completed"
    >
      Completed
    </button>
  </div>
  <CardContainer
    data={
      Array [
        Object {
          "addedToStorage": false,
          "id": 1,
          "level": "8 kyu",
          "name": "Abbreviate a Two Word Name",
          "prompt": "Write a function to convert a name into initials. This kata strictly takes two words with one space in between them.",
          "replLink": "https://repl.it/@codesForDays/Abbreviate-a-Two-Word-Name?language=nodejs&folderId=",
          "type": "String",
        },
        Object {
          "addedToStorage": false,
          "id": 2,
          "level": "8 kyu",
          "name": "Welcome to the City",
          "prompt": "Create a method sayHello/say_hello/SayHello that takes as input a name, city, and state to welcome a person. Note that name will be an array consisting of one or more values that should be joined together with one space between each, and the length of the name array in test cases will vary.",
          "replLink": "https://repl.it/@codesForDays/Welcome-to-the-City?language=nodejs&folderId=",
          "type": "String",
        },
        Object {
          "addedToStorage": false,
          "id": 3,
          "level": "7 kyu",
          "name": "Remove Anchor from URL",
          "prompt": "Complete the function/method so that it returns the url with anything after the anchor (#) removed.",
          "replLink": "https://repl.it/@codesForDays/Remove-anchor-from-URL?language=nodejs&folderId=",
          "type": "String",
        },
        Object {
          "addedToStorage": false,
          "id": 4,
          "level": "7 kyu",
          "name": "Alphabet War",
          "prompt": "Write a function that accepts fight string consists of only small letters and return who wins the fight. When the left side wins return Left side wins!, when the right side wins return Right side wins!, in other case return Let's fight again!.",
          "replLink": "https://repl.it/@codesForDays/Alphabet-war?language=nodejs&folderId=",
          "type": "Fundamentals",
        },
      ]
    }
    filteredCategories={Array []}
    toggleComplete={[MockFunction]}
  />
</div>
`;
